// Jest Snapshot v1, https://goo.gl/fbAQLP

exports[`Should render LoginPage correctly 1`] = `
<div>
  <button
    type="submit"
  >
    Login
  </button>
</div>
`;
